1775667318.428189 client started (783): version 3.4, socket /tmp/tmux-1000/default, protocol 8
1775667318.428510 on Linux 6.6.87.2-microsoft-standard-WSL2 #1 SMP PREEMPT_DYNAMIC Thu Jun  5 18:30:46 UTC 2025
1775667318.428610 using libevent 2.1.12-stable poll
1775667318.428706 using ncurses 6.4 20240113
1775667318.428810 flags are 0x18010000
1775667318.428929 socket is /tmp/tmux-1000/default
1775667318.429061 trying connect
1775667318.429253 add peer 0x629f69646ca0: 6 ((nil))
1775667318.429826 sending message 100 to peer 0x629f69646ca0 (4 bytes)
1775667318.429942 sending message 111 to peer 0x629f69646ca0 (8 bytes)
1775667318.430148 sending message 101 to peer 0x629f69646ca0 (15 bytes)
1775667318.430243 sending message 109 to peer 0x629f69646ca0 (4 bytes)
1775667318.430328 sending message 102 to peer 0x629f69646ca0 (11 bytes)
1775667318.430411 sending message 108 to peer 0x629f69646ca0 (82 bytes)
1775667318.430493 sending message 112 to peer 0x629f69646ca0 (58 bytes)
1775667318.430574 sending message 112 to peer 0x629f69646ca0 (5 bytes)
1775667318.430654 sending message 112 to peer 0x629f69646ca0 (5 bytes)
1775667318.430734 sending message 112 to peer 0x629f69646ca0 (6 bytes)
1775667318.430817 sending message 112 to peer 0x629f69646ca0 (6 bytes)
1775667318.430900 sending message 112 to peer 0x629f69646ca0 (11 bytes)
1775667318.430983 sending message 112 to peer 0x629f69646ca0 (10 bytes)
1775667318.431066 sending message 112 to peer 0x629f69646ca0 (13 bytes)
1775667318.431149 sending message 112 to peer 0x629f69646ca0 (14 bytes)
1775667318.431232 sending message 112 to peer 0x629f69646ca0 (19 bytes)
1775667318.431317 sending message 112 to peer 0x629f69646ca0 (11 bytes)
1775667318.431403 sending message 112 to peer 0x629f69646ca0 (10 bytes)
1775667318.431485 sending message 112 to peer 0x629f69646ca0 (15 bytes)
1775667318.431567 sending message 112 to peer 0x629f69646ca0 (21 bytes)
1775667318.431649 sending message 112 to peer 0x629f69646ca0 (13 bytes)
1775667318.431730 sending message 112 to peer 0x629f69646ca0 (7 bytes)
1775667318.431814 sending message 112 to peer 0x629f69646ca0 (13 bytes)
1775667318.431946 sending message 112 to peer 0x629f69646ca0 (7 bytes)
1775667318.432061 sending message 112 to peer 0x629f69646ca0 (13 bytes)
1775667318.432180 sending message 112 to peer 0x629f69646ca0 (9 bytes)
1775667318.432294 sending message 112 to peer 0x629f69646ca0 (21 bytes)
1775667318.432407 sending message 112 to peer 0x629f69646ca0 (13 bytes)
1775667318.432521 sending message 112 to peer 0x629f69646ca0 (9 bytes)
1775667318.432635 sending message 112 to peer 0x629f69646ca0 (16 bytes)
1775667318.432747 sending message 112 to peer 0x629f69646ca0 (13 bytes)
1775667318.432871 sending message 112 to peer 0x629f69646ca0 (9 bytes)
1775667318.433025 sending message 112 to peer 0x629f69646ca0 (9 bytes)
1775667318.433161 sending message 112 to peer 0x629f69646ca0 (12 bytes)
1775667318.433279 sending message 112 to peer 0x629f69646ca0 (8 bytes)
1775667318.433407 sending message 112 to peer 0x629f69646ca0 (8 bytes)
1775667318.433552 sending message 112 to peer 0x629f69646ca0 (13 bytes)
1775667318.433682 sending message 112 to peer 0x629f69646ca0 (7 bytes)
1775667318.433823 sending message 112 to peer 0x629f69646ca0 (7 bytes)
1775667318.433957 sending message 112 to peer 0x629f69646ca0 (9 bytes)
1775667318.434200 sending message 112 to peer 0x629f69646ca0 (9 bytes)
1775667318.434331 sending message 112 to peer 0x629f69646ca0 (15 bytes)
1775667318.434454 sending message 112 to peer 0x629f69646ca0 (13 bytes)
1775667318.434571 sending message 112 to peer 0x629f69646ca0 (12 bytes)
1775667318.434687 sending message 112 to peer 0x629f69646ca0 (8 bytes)
1775667318.434794 sending message 112 to peer 0x629f69646ca0 (14 bytes)
1775667318.434909 sending message 112 to peer 0x629f69646ca0 (11 bytes)
1775667318.435036 sending message 112 to peer 0x629f69646ca0 (9 bytes)
1775667318.435153 sending message 112 to peer 0x629f69646ca0 (10 bytes)
1775667318.435268 sending message 112 to peer 0x629f69646ca0 (10 bytes)
1775667318.435381 sending message 112 to peer 0x629f69646ca0 (10 bytes)
1775667318.435522 sending message 112 to peer 0x629f69646ca0 (10 bytes)
1775667318.435636 sending message 112 to peer 0x629f69646ca0 (11 bytes)
1775667318.435747 sending message 112 to peer 0x629f69646ca0 (12 bytes)
1775667318.435861 sending message 112 to peer 0x629f69646ca0 (12 bytes)
1775667318.436000 sending message 112 to peer 0x629f69646ca0 (12 bytes)
1775667318.436115 sending message 112 to peer 0x629f69646ca0 (12 bytes)
1775667318.436229 sending message 112 to peer 0x629f69646ca0 (12 bytes)
1775667318.436342 sending message 112 to peer 0x629f69646ca0 (11 bytes)
1775667318.436457 sending message 112 to peer 0x629f69646ca0 (11 bytes)
1775667318.436568 sending message 112 to peer 0x629f69646ca0 (12 bytes)
1775667318.436687 sending message 112 to peer 0x629f69646ca0 (12 bytes)
1775667318.436801 sending message 112 to peer 0x629f69646ca0 (12 bytes)
1775667318.436908 sending message 112 to peer 0x629f69646ca0 (12 bytes)
1775667318.437022 sending message 112 to peer 0x629f69646ca0 (12 bytes)
1775667318.437152 sending message 112 to peer 0x629f69646ca0 (9 bytes)
1775667318.437279 sending message 112 to peer 0x629f69646ca0 (12 bytes)
1775667318.437389 sending message 112 to peer 0x629f69646ca0 (13 bytes)
1775667318.437506 sending message 112 to peer 0x629f69646ca0 (13 bytes)
1775667318.437626 sending message 112 to peer 0x629f69646ca0 (13 bytes)
1775667318.437738 sending message 112 to peer 0x629f69646ca0 (13 bytes)
1775667318.437853 sending message 112 to peer 0x629f69646ca0 (13 bytes)
1775667318.437965 sending message 112 to peer 0x629f69646ca0 (8 bytes)
1775667318.438079 sending message 112 to peer 0x629f69646ca0 (11 bytes)
1775667318.438196 sending message 112 to peer 0x629f69646ca0 (11 bytes)
1775667318.438309 sending message 112 to peer 0x629f69646ca0 (11 bytes)
1775667318.438434 sending message 112 to peer 0x629f69646ca0 (12 bytes)
1775667318.438548 sending message 112 to peer 0x629f69646ca0 (12 bytes)
1775667318.438701 sending message 112 to peer 0x629f69646ca0 (12 bytes)
1775667318.438823 sending message 112 to peer 0x629f69646ca0 (12 bytes)
1775667318.438955 sending message 112 to peer 0x629f69646ca0 (13 bytes)
1775667318.439072 sending message 112 to peer 0x629f69646ca0 (13 bytes)
1775667318.439198 sending message 112 to peer 0x629f69646ca0 (13 bytes)
1775667318.439319 sending message 112 to peer 0x629f69646ca0 (8 bytes)
1775667318.439430 sending message 112 to peer 0x629f69646ca0 (13 bytes)
1775667318.439552 sending message 112 to peer 0x629f69646ca0 (13 bytes)
1775667318.439666 sending message 112 to peer 0x629f69646ca0 (13 bytes)
1775667318.439792 sending message 112 to peer 0x629f69646ca0 (13 bytes)
1775667318.439966 sending message 112 to peer 0x629f69646ca0 (13 bytes)
1775667318.440091 sending message 112 to peer 0x629f69646ca0 (12 bytes)
1775667318.440206 sending message 112 to peer 0x629f69646ca0 (12 bytes)
1775667318.440321 sending message 112 to peer 0x629f69646ca0 (12 bytes)
1775667318.440436 sending message 112 to peer 0x629f69646ca0 (12 bytes)
1775667318.440553 sending message 112 to peer 0x629f69646ca0 (13 bytes)
1775667318.440667 sending message 112 to peer 0x629f69646ca0 (8 bytes)
1775667318.440784 sending message 112 to peer 0x629f69646ca0 (13 bytes)
1775667318.440897 sending message 112 to peer 0x629f69646ca0 (13 bytes)
1775667318.441015 sending message 112 to peer 0x629f69646ca0 (13 bytes)
1775667318.441129 sending message 112 to peer 0x629f69646ca0 (13 bytes)
1775667318.441245 sending message 112 to peer 0x629f69646ca0 (13 bytes)
1775667318.441358 sending message 112 to peer 0x629f69646ca0 (13 bytes)
1775667318.441474 sending message 112 to peer 0x629f69646ca0 (13 bytes)
1775667318.441587 sending message 112 to peer 0x629f69646ca0 (12 bytes)
1775667318.441703 sending message 112 to peer 0x629f69646ca0 (12 bytes)
1775667318.441817 sending message 112 to peer 0x629f69646ca0 (12 bytes)
1775667318.441934 sending message 112 to peer 0x629f69646ca0 (8 bytes)
1775667318.442049 sending message 112 to peer 0x629f69646ca0 (12 bytes)
1775667318.442162 sending message 112 to peer 0x629f69646ca0 (13 bytes)
1775667318.442302 sending message 112 to peer 0x629f69646ca0 (13 bytes)
1775667318.442418 sending message 112 to peer 0x629f69646ca0 (13 bytes)
1775667318.442539 sending message 112 to peer 0x629f69646ca0 (13 bytes)
1775667318.442678 sending message 112 to peer 0x629f69646ca0 (13 bytes)
1775667318.442800 sending message 112 to peer 0x629f69646ca0 (13 bytes)
1775667318.442935 sending message 112 to peer 0x629f69646ca0 (13 bytes)
1775667318.443053 sending message 112 to peer 0x629f69646ca0 (13 bytes)
1775667318.443177 sending message 112 to peer 0x629f69646ca0 (12 bytes)
1775667318.443294 sending message 112 to peer 0x629f69646ca0 (10 bytes)
1775667318.443409 sending message 112 to peer 0x629f69646ca0 (12 bytes)
1775667318.443521 sending message 112 to peer 0x629f69646ca0 (12 bytes)
1775667318.443633 sending message 112 to peer 0x629f69646ca0 (12 bytes)
1775667318.443753 sending message 112 to peer 0x629f69646ca0 (13 bytes)
1775667318.443891 sending message 112 to peer 0x629f69646ca0 (13 bytes)
1775667318.444005 sending message 112 to peer 0x629f69646ca0 (13 bytes)
1775667318.444121 sending message 112 to peer 0x629f69646ca0 (13 bytes)
1775667318.444231 sending message 112 to peer 0x629f69646ca0 (13 bytes)
1775667318.444344 sending message 112 to peer 0x629f69646ca0 (13 bytes)
1775667318.444454 sending message 112 to peer 0x629f69646ca0 (13 bytes)
1775667318.444569 sending message 112 to peer 0x629f69646ca0 (10 bytes)
1775667318.444678 sending message 112 to peer 0x629f69646ca0 (13 bytes)
1775667318.444804 sending message 112 to peer 0x629f69646ca0 (12 bytes)
1775667318.444948 sending message 112 to peer 0x629f69646ca0 (12 bytes)
1775667318.445100 sending message 112 to peer 0x629f69646ca0 (12 bytes)
1775667318.445356 sending message 112 to peer 0x629f69646ca0 (10 bytes)
1775667318.445483 sending message 112 to peer 0x629f69646ca0 (10 bytes)
1775667318.445601 sending message 112 to peer 0x629f69646ca0 (10 bytes)
1775667318.445735 sending message 112 to peer 0x629f69646ca0 (12 bytes)
1775667318.445919 sending message 112 to peer 0x629f69646ca0 (13 bytes)
1775667318.446038 sending message 112 to peer 0x629f69646ca0 (13 bytes)
1775667318.446155 sending message 112 to peer 0x629f69646ca0 (13 bytes)
1775667318.446267 sending message 112 to peer 0x629f69646ca0 (13 bytes)
1775667318.446382 sending message 112 to peer 0x629f69646ca0 (13 bytes)
1775667318.446493 sending message 112 to peer 0x629f69646ca0 (10 bytes)
1775667318.446609 sending message 112 to peer 0x629f69646ca0 (11 bytes)
1775667318.446717 sending message 112 to peer 0x629f69646ca0 (12 bytes)
1775667318.446824 sending message 112 to peer 0x629f69646ca0 (12 bytes)
1775667318.446941 sending message 112 to peer 0x629f69646ca0 (12 bytes)
1775667318.447058 sending message 112 to peer 0x629f69646ca0 (12 bytes)
1775667318.447177 sending message 112 to peer 0x629f69646ca0 (12 bytes)
1775667318.447289 sending message 112 to peer 0x629f69646ca0 (11 bytes)
1775667318.447404 sending message 112 to peer 0x629f69646ca0 (12 bytes)
1775667318.447516 sending message 112 to peer 0x629f69646ca0 (12 bytes)
1775667318.447630 sending message 112 to peer 0x629f69646ca0 (13 bytes)
1775667318.447743 sending message 112 to peer 0x629f69646ca0 (13 bytes)
1775667318.447856 sending message 112 to peer 0x629f69646ca0 (13 bytes)
1775667318.447986 sending message 112 to peer 0x629f69646ca0 (13 bytes)
1775667318.448103 sending message 112 to peer 0x629f69646ca0 (13 bytes)
1775667318.448219 sending message 112 to peer 0x629f69646ca0 (10 bytes)
1775667318.448335 sending message 112 to peer 0x629f69646ca0 (9 bytes)
1775667318.448451 sending message 112 to peer 0x629f69646ca0 (12 bytes)
1775667318.448569 sending message 112 to peer 0x629f69646ca0 (13 bytes)
1775667318.448683 sending message 112 to peer 0x629f69646ca0 (13 bytes)
1775667318.448800 sending message 112 to peer 0x629f69646ca0 (13 bytes)
1775667318.448915 sending message 112 to peer 0x629f69646ca0 (13 bytes)
1775667318.449033 sending message 112 to peer 0x629f69646ca0 (13 bytes)
1775667318.449151 sending message 112 to peer 0x629f69646ca0 (9 bytes)
1775667318.449272 sending message 112 to peer 0x629f69646ca0 (12 bytes)
1775667318.449389 sending message 112 to peer 0x629f69646ca0 (13 bytes)
1775667318.449563 sending message 112 to peer 0x629f69646ca0 (13 bytes)
1775667318.449689 sending message 112 to peer 0x629f69646ca0 (13 bytes)
1775667318.449821 sending message 112 to peer 0x629f69646ca0 (13 bytes)
1775667318.449946 sending message 112 to peer 0x629f69646ca0 (13 bytes)
1775667318.450101 sending message 112 to peer 0x629f69646ca0 (11 bytes)
1775667318.450240 sending message 112 to peer 0x629f69646ca0 (12 bytes)
1775667318.450360 sending message 112 to peer 0x629f69646ca0 (13 bytes)
1775667318.450494 sending message 112 to peer 0x629f69646ca0 (13 bytes)
1775667318.450629 sending message 112 to peer 0x629f69646ca0 (13 bytes)
1775667318.450752 sending message 112 to peer 0x629f69646ca0 (13 bytes)
1775667318.450882 sending message 112 to peer 0x629f69646ca0 (13 bytes)
1775667318.451011 sending message 112 to peer 0x629f69646ca0 (11 bytes)
1775667318.451177 sending message 112 to peer 0x629f69646ca0 (12 bytes)
1775667318.451308 sending message 112 to peer 0x629f69646ca0 (12 bytes)
1775667318.451429 sending message 112 to peer 0x629f69646ca0 (12 bytes)
1775667318.451544 sending message 112 to peer 0x629f69646ca0 (12 bytes)
1775667318.451662 sending message 112 to peer 0x629f69646ca0 (12 bytes)
1775667318.451776 sending message 112 to peer 0x629f69646ca0 (21 bytes)
1775667318.451912 sending message 112 to peer 0x629f69646ca0 (12 bytes)
1775667318.452032 sending message 112 to peer 0x629f69646ca0 (9 bytes)
1775667318.452147 sending message 112 to peer 0x629f69646ca0 (6 bytes)
1775667318.452262 sending message 112 to peer 0x629f69646ca0 (13 bytes)
1775667318.452374 sending message 112 to peer 0x629f69646ca0 (10 bytes)
1775667318.452489 sending message 112 to peer 0x629f69646ca0 (24 bytes)
1775667318.452603 sending message 112 to peer 0x629f69646ca0 (13 bytes)
1775667318.452716 sending message 112 to peer 0x629f69646ca0 (9 bytes)
1775667318.452830 sending message 112 to peer 0x629f69646ca0 (70 bytes)
1775667318.452951 sending message 112 to peer 0x629f69646ca0 (69 bytes)
1775667318.453069 sending message 112 to peer 0x629f69646ca0 (12 bytes)
1775667318.453189 sending message 112 to peer 0x629f69646ca0 (10 bytes)
1775667318.453306 sending message 112 to peer 0x629f69646ca0 (10 bytes)
1775667318.453422 sending message 112 to peer 0x629f69646ca0 (24 bytes)
1775667318.453537 sending message 112 to peer 0x629f69646ca0 (13 bytes)
1775667318.453653 sending message 112 to peer 0x629f69646ca0 (10 bytes)
1775667318.453768 sending message 112 to peer 0x629f69646ca0 (10 bytes)
1775667318.453884 sending message 112 to peer 0x629f69646ca0 (10 bytes)
1775667318.454000 sending message 112 to peer 0x629f69646ca0 (13 bytes)
1775667318.454116 sending message 112 to peer 0x629f69646ca0 (15 bytes)
1775667318.454230 sending message 112 to peer 0x629f69646ca0 (5 bytes)
1775667318.454347 sending message 104 to peer 0x629f69646ca0 (0 bytes)
1775667318.454462 sending message 110 to peer 0x629f69646ca0 (0 bytes)
1775667318.454580 sending message 107 to peer 0x629f69646ca0 (4 bytes)
1775667318.454695 sending message 105 to peer 0x629f69646ca0 (16 bytes)
1775667318.454810 sending message 105 to peer 0x629f69646ca0 (24 bytes)
1775667318.454933 sending message 105 to peer 0x629f69646ca0 (23 bytes)
1775667318.455053 sending message 105 to peer 0x629f69646ca0 (12 bytes)
1775667318.455176 sending message 105 to peer 0x629f69646ca0 (86 bytes)
1775667318.455303 sending message 105 to peer 0x629f69646ca0 (15 bytes)
1775667318.455424 sending message 105 to peer 0x629f69646ca0 (18 bytes)
1775667318.455536 sending message 105 to peer 0x629f69646ca0 (13 bytes)
1775667318.455654 sending message 105 to peer 0x629f69646ca0 (33 bytes)
1775667318.455774 sending message 105 to peer 0x629f69646ca0 (1817 bytes)
1775667318.455918 sending message 105 to peer 0x629f69646ca0 (26 bytes)
1775667318.456059 sending message 105 to peer 0x629f69646ca0 (34 bytes)
1775667318.456175 sending message 105 to peer 0x629f69646ca0 (20 bytes)
1775667318.456312 sending message 105 to peer 0x629f69646ca0 (32 bytes)
1775667318.456430 sending message 105 to peer 0x629f69646ca0 (12 bytes)
1775667318.456545 sending message 105 to peer 0x629f69646ca0 (11 bytes)
1775667318.456660 sending message 105 to peer 0x629f69646ca0 (8 bytes)
1775667318.456776 sending message 105 to peer 0x629f69646ca0 (32 bytes)
1775667318.456891 sending message 105 to peer 0x629f69646ca0 (47 bytes)
1775667318.457011 sending message 105 to peer 0x629f69646ca0 (8 bytes)
1775667318.457127 sending message 105 to peer 0x629f69646ca0 (65 bytes)
1775667318.457242 sending message 105 to peer 0x629f69646ca0 (1020 bytes)
1775667318.457358 sending message 105 to peer 0x629f69646ca0 (54 bytes)
1775667318.457474 sending message 105 to peer 0x629f69646ca0 (16 bytes)
1775667318.457588 sending message 105 to peer 0x629f69646ca0 (40 bytes)
1775667318.457703 sending message 105 to peer 0x629f69646ca0 (16 bytes)
1775667318.457818 sending message 106 to peer 0x629f69646ca0 (0 bytes)
1775667318.457995 sending message 200 to peer 0x629f69646ca0 (4 bytes)
1775667318.458121 client loop enter
1775667318.463649 peer 0x629f69646ca0 message 207
1775667318.463860 sending message 208 to peer 0x629f69646ca0 (0 bytes)
1775667321.798106 peer 0x629f69646ca0 message 203
1775667321.798350 sending message 205 to peer 0x629f69646ca0 (0 bytes)
1775667321.798854 peer 0x629f69646ca0 message 204
1775667321.799026 client loop exit
